[     295ms] [ERROR] Error: Minified React error #418; visit https://reactjs.org/docs/error-decoder.html?invariant=418 for the full message or use the non-minified dev environment for full errors and additional helpful warnings.
    at kf (https://job-boards.cdn.greenhouse.io/assets/vendor-Bit_RVLI.js:38:4812)
    at Jm (https://job-boards.cdn.greenhouse.io/assets/vendor-Bit_RVLI.js:40:45634)
    at qm (https://job-boards.cdn.greenhouse.io/assets/vendor-Bit_RVLI.js:40:39790)
    at A8 (https://job-boards.cdn.greenhouse.io/assets/vendor-Bit_RVLI.js:40:39762)
    at zm (https://job-boards.cdn.greenhouse.io/assets/vendor-Bit_RVLI.js:40:34745)
    at S (https://job-boards.cdn.greenhouse.io/assets/vendor-Bit_RVLI.js:25:1563)
    at MessagePort.j (https://job-boards.cdn.greenhouse.io/assets/vendor-Bit_RVLI.js:25:1925) @ https://job-boards.cdn.greenhouse.io/assets/vendor-Bit_RVLI.js:243
[     306ms] [WARNING] React recovered from an error during hydration. Error: Minified React error #425; visit https://reactjs.org/docs/error-decoder.html?invariant=425 for the full message or use the non-minified dev environment for full errors and additional helpful warnings.
    at ml (https://job-boards.cdn.greenhouse.io/assets/vendor-Bit_RVLI.js:38:68)
    at x8 (https://job-boards.cdn.greenhouse.io/assets/vendor-Bit_RVLI.js:40:16079)
    at Km (https://job-boards.cdn.greenhouse.io/assets/vendor-Bit_RVLI.js:40:40098)
    at qm (https://job-boards.cdn.greenhouse.io/assets/vendor-Bit_RVLI.js:40:39851)
    at A8 (https://job-boards.cdn.greenhouse.io/assets/vendor-Bit_RVLI.js:40:39762)
    at zm (https://job-boards.cdn.greenhouse.io/assets/vendor-Bit_RVLI.js:40:34745)
    at S (https://job-boards.cdn.greenhouse.io/assets/vendor-Bit_RVLI.js:25:1563)
    at MessagePort.j (https://job-boards.cdn.greenhouse.io/assets/vendor-Bit_RVLI.js:25:1925) @ https://job-boards.cdn.greenhouse.io/assets/vendor-Bit_RVLI.js:243
[     306ms] [WARNING] React recovered from an error during hydration. Error: Minified React error #418; visit https://reactjs.org/docs/error-decoder.html?invariant=418 for the full message or use the non-minified dev environment for full errors and additional helpful warnings.
    at kf (https://job-boards.cdn.greenhouse.io/assets/vendor-Bit_RVLI.js:38:4812)
    at Jm (https://job-boards.cdn.greenhouse.io/assets/vendor-Bit_RVLI.js:40:45634)
    at qm (https://job-boards.cdn.greenhouse.io/assets/vendor-Bit_RVLI.js:40:39790)
    at A8 (https://job-boards.cdn.greenhouse.io/assets/vendor-Bit_RVLI.js:40:39762)
    at zm (https://job-boards.cdn.greenhouse.io/assets/vendor-Bit_RVLI.js:40:34745)
    at S (https://job-boards.cdn.greenhouse.io/assets/vendor-Bit_RVLI.js:25:1563)
    at MessagePort.j (https://job-boards.cdn.greenhouse.io/assets/vendor-Bit_RVLI.js:25:1925) @ https://job-boards.cdn.greenhouse.io/assets/vendor-Bit_RVLI.js:243
[     306ms] [WARNING] React recovered from an error during hydration. Error: Minified React error #418; visit https://reactjs.org/docs/error-decoder.html?invariant=418 for the full message or use the non-minified dev environment for full errors and additional helpful warnings.
    at kf (https://job-boards.cdn.greenhouse.io/assets/vendor-Bit_RVLI.js:38:4812)
    at Jm (https://job-boards.cdn.greenhouse.io/assets/vendor-Bit_RVLI.js:40:45634)
    at qm (https://job-boards.cdn.greenhouse.io/assets/vendor-Bit_RVLI.js:40:39790)
    at A8 (https://job-boards.cdn.greenhouse.io/assets/vendor-Bit_RVLI.js:40:39762)
    at zm (https://job-boards.cdn.greenhouse.io/assets/vendor-Bit_RVLI.js:40:34745)
    at S (https://job-boards.cdn.greenhouse.io/assets/vendor-Bit_RVLI.js:25:1563)
    at MessagePort.j (https://job-boards.cdn.greenhouse.io/assets/vendor-Bit_RVLI.js:25:1925) @ https://job-boards.cdn.greenhouse.io/assets/vendor-Bit_RVLI.js:243
[     306ms] [WARNING] React recovered from an error during hydration. Error: Minified React error #418; visit https://reactjs.org/docs/error-decoder.html?invariant=418 for the full message or use the non-minified dev environment for full errors and additional helpful warnings.
    at kf (https://job-boards.cdn.greenhouse.io/assets/vendor-Bit_RVLI.js:38:4812)
    at Jm (https://job-boards.cdn.greenhouse.io/assets/vendor-Bit_RVLI.js:40:45634)
    at qm (https://job-boards.cdn.greenhouse.io/assets/vendor-Bit_RVLI.js:40:39790)
    at A8 (https://job-boards.cdn.greenhouse.io/assets/vendor-Bit_RVLI.js:40:39762)
    at zm (https://job-boards.cdn.greenhouse.io/assets/vendor-Bit_RVLI.js:40:34745)
    at S (https://job-boards.cdn.greenhouse.io/assets/vendor-Bit_RVLI.js:25:1563)
    at MessagePort.j (https://job-boards.cdn.greenhouse.io/assets/vendor-Bit_RVLI.js:25:1925) @ https://job-boards.cdn.greenhouse.io/assets/vendor-Bit_RVLI.js:243
[     306ms] [WARNING] React recovered from an error during hydration. Error: Minified React error #423; visit https://reactjs.org/docs/error-decoder.html?invariant=423 for the full message or use the non-minified dev environment for full errors and additional helpful warnings.
    at Jm (https://job-boards.cdn.greenhouse.io/assets/vendor-Bit_RVLI.js:40:45291)
    at qm (https://job-boards.cdn.greenhouse.io/assets/vendor-Bit_RVLI.js:40:39790)
    at L8 (https://job-boards.cdn.greenhouse.io/assets/vendor-Bit_RVLI.js:40:39718)
    at ku (https://job-boards.cdn.greenhouse.io/assets/vendor-Bit_RVLI.js:40:39570)
    at Gf (https://job-boards.cdn.greenhouse.io/assets/vendor-Bit_RVLI.js:40:35934)
    at zm (https://job-boards.cdn.greenhouse.io/assets/vendor-Bit_RVLI.js:40:34883)
    at S (https://job-boards.cdn.greenhouse.io/assets/vendor-Bit_RVLI.js:25:1563)
    at MessagePort.j (https://job-boards.cdn.greenhouse.io/assets/vendor-Bit_RVLI.js:25:1925) @ https://job-boards.cdn.greenhouse.io/assets/vendor-Bit_RVLI.js:243
[     379ms] [ERROR] Failed to load resource: the server responded with a status of 401 () @ https://my.greenhouse.io/users/self?job_post_id=8072076:0
[     397ms] UnauthorizedError: Unauthorized: User is not logged in.
    at Js.fetchProfile (https://job-boards.cdn.greenhouse.io/assets/entry.client-D8ZlKSVO.js:61:71824)
[     413ms] [ERROR] Framing 'https://www.recaptcha.net/' violates the following report-only Content Security Policy directive: "frame-ancestors 'self'". The violation has been logged, but no further action has been taken.
 @ :0
