[    1411ms] [LOG] Error @ https://workforcenow.adp.com/inc/js/lib/6a8f894227f41759348779077d1e5851.js?store=AEC0LzqgAQAA_UZvBSyTWnJkOCnxWGaSboCC8sgxhBV5yc1jcQ_UobdqL5Z3&X-zuY25QsG--z=q:0
[    1470ms] [WARNING] WfnConfig.initialize(): Entering. initOptions = {theme: one} @ https://static.workforcenow.adp.com/mas/mdf-wc/dist/config/wfn-config-1.34.8.js:1
[    1477ms] [WARNING] document.domain mutation is ignored because the surrounding agent cluster is origin-keyed. @ https://workforcenow.adp.com/mascsr/default/mdf/recruitment/recruitment.html?cid=4ed2be93-8bc5-40e2-915f-931884eac404&ccId=9200420850870_2&lang=en_CA&jobId=442841:173
[    1478ms] [LOG] mdfLoader.loadStyleSheet(): LOADING [/mascsr/default/mdf/recruitment/styles/recruitment.f840adfc26e8bcd2.css] @ https://workforcenow.adp.com/mascsr/default/mdf/recruitment/recruitment.html?cid=4ed2be93-8bc5-40e2-915f-931884eac404&ccId=9200420850870_2&lang=en_CA&jobId=442841:366
[    1478ms] [LOG] mdfLoader.loadScript(): LOADING [/mascsr/default/mdf/recruitment/recruitment.f840adfc26e8bcd2.js] @ https://workforcenow.adp.com/mascsr/default/mdf/recruitment/recruitment.html?cid=4ed2be93-8bc5-40e2-915f-931884eac404&ccId=9200420850870_2&lang=en_CA&jobId=442841:406
[    1478ms] [LOG] mdfLoader.loadScript(): LOADING [/mascsr/default/mdf/recruitment/config-loader.js] @ https://workforcenow.adp.com/mascsr/default/mdf/recruitment/recruitment.html?cid=4ed2be93-8bc5-40e2-915f-931884eac404&ccId=9200420850870_2&lang=en_CA&jobId=442841:406
[    1478ms] [LOG] mdfLoader.loadScript(): LOADING [/mascsr/default/mdf/recruitment/detectizr.min.js] @ https://workforcenow.adp.com/mascsr/default/mdf/recruitment/recruitment.html?cid=4ed2be93-8bc5-40e2-915f-931884eac404&ccId=9200420850870_2&lang=en_CA&jobId=442841:406
[    1478ms] [LOG] mdfLoader.loadScript(): LOADING [/mascsr/default/mdf/recruitment/modernizr.min.js] @ https://workforcenow.adp.com/mascsr/default/mdf/recruitment/recruitment.html?cid=4ed2be93-8bc5-40e2-915f-931884eac404&ccId=9200420850870_2&lang=en_CA&jobId=442841:406
[    1478ms] [LOG] mdfLoader.loadScript(): LOADING [/mascsr/default/mdf/recruitment/browser.js] @ https://workforcenow.adp.com/mascsr/default/mdf/recruitment/recruitment.html?cid=4ed2be93-8bc5-40e2-915f-931884eac404&ccId=9200420850870_2&lang=en_CA&jobId=442841:406
[    1479ms] [LOG] mdfLoader.loadScript(): LOADING [https://apis.google.com/js/api.js] @ https://workforcenow.adp.com/mascsr/default/mdf/recruitment/recruitment.html?cid=4ed2be93-8bc5-40e2-915f-931884eac404&ccId=9200420850870_2&lang=en_CA&jobId=442841:406
[    1487ms] [LOG] Error @ https://workforcenow.adp.com/inc/js/lib/6a8f894227f41759348779077d1e5851.js?store=AEC0LzqgAQAA_UZvBSyTWnJkOCnxWGaSboCC8sgxhBV5yc1jcQ_UobdqL5Z3&X-zuY25QsG--z=q:0
[    1900ms] [WARNING] WFNConfig.initialize(): Initializing locale. @ https://static.workforcenow.adp.com/mas/mdf-wc/dist/config/wfn-config-1.34.8.js:1
[    1900ms] [WARNING] WFNConfig.initialize(): translations initialized. locale = en-us @ https://static.workforcenow.adp.com/mas/mdf-wc/dist/config/wfn-config-1.34.8.js:1
[    1902ms] [LOG] i18n.LocaleHelper.setLocale(): User's locale is now en-us @ https://static.workforcenow.adp.com/mas/mdf-wc/dist/config/wfn-config-1.34.8.js:1
[    1903ms] [LOG] i18n.LocaleHelper.setLocale(): User's locale is now en-us @ https://static.workforcenow.adp.com/mas/mdf-wc/dist/config/wfn-config-1.34.8.js:1
[    2984ms] [LOG] i18n.LocaleHelper.setLocale(): User's locale is now en-ca @ https://static.workforcenow.adp.com/mas/mdf-wc/dist/config/wfn-config-1.34.8.js:1
[    2984ms] [LOG] LocaleHelper.setLocale(): User's locale is now en-ca @ https://static.workforcenow.adp.com/mas/mdf/26.29.8/mdfCore.js:2
[    2985ms] [LOG] LocaleHelper.setLocale(): User's locale is now en-ca @ https://static.workforcenow.adp.com/mas/mdf/26.29.8/mdfCore.js:2
[    2985ms] [LOG] MDFComponents.register(): Registering components. @ https://static.workforcenow.adp.com/mas/mdf-components/26.29.14/mdfComponents.js:322
[    2986ms] [INFO] RendererManager.registerRenderer(): The renderer for view [MDFGrid] is being replaced. @ https://static.workforcenow.adp.com/mas/mdf/26.29.8/mdfCore.js:2
[    2986ms] [INFO] RendererManager.registerRenderer(): The renderer for view [MDFSpreadSheet] is being replaced. @ https://static.workforcenow.adp.com/mas/mdf/26.29.8/mdfCore.js:2
[    2986ms] [INFO] RendererManager.registerRenderer(): The renderer for view [WfnInfiniteList] is being replaced. @ https://static.workforcenow.adp.com/mas/mdf/26.29.8/mdfCore.js:2
[    2987ms] [LOG] MDFComponents.register(): Components registered. @ https://static.workforcenow.adp.com/mas/mdf-components/26.29.14/mdfComponents.js:322
[    2988ms] [WARNING] MDFCore.createApplication(): Creating application recruitmentLandingPageView. @ https://static.workforcenow.adp.com/mas/mdf/26.29.8/mdfCore.js:2
[    2994ms] [WARNING] Application.useEffect(): Mounting recruitmentLandingPageView at node recruitment_root @ https://static.workforcenow.adp.com/mas/mdf/26.29.8/mdfCore.js:2
[    3120ms] [LOG] setupPendo(): Document is ready. @ https://workforcenow.adp.com/mascsr/default/mdf/recruitment/recruitment.f840adfc26e8bcd2.js?cid=4ed2be93-8bc5-40e2-915f-931884eac404:0
[    3395ms] [LOG] setupPendo(): Initializing Pendo. @ https://workforcenow.adp.com/mascsr/default/mdf/recruitment/recruitment.f840adfc26e8bcd2.js?cid=4ed2be93-8bc5-40e2-915f-931884eac404:0
[    4328ms] [ERROR] ActionLink2(): Do not put click handlers on action menu items. Set the "data" property to identify the item and then listen to the sdfChange event on the parent menu instead. @ https://static.workforcenow.adp.com/mas/mdf-components/26.29.14/mdfComponents.js:322
[    4328ms] [ERROR] ActionLink2(): Do not put click handlers on action menu items. Set the "data" property to identify the item and then listen to the sdfChange event on the parent menu instead. @ https://static.workforcenow.adp.com/mas/mdf-components/26.29.14/mdfComponents.js:322
[    4328ms] [ERROR] ActionLink2(): Do not put click handlers on action menu items. Set the "data" property to identify the item and then listen to the sdfChange event on the parent menu instead. @ https://static.workforcenow.adp.com/mas/mdf-components/26.29.14/mdfComponents.js:322
[    4328ms] [ERROR] ActionLink2(): Do not put click handlers on action menu items. Set the "data" property to identify the item and then listen to the sdfChange event on the parent menu instead. @ https://static.workforcenow.adp.com/mas/mdf-components/26.29.14/mdfComponents.js:322
[    4328ms] [ERROR] ActionLink2(): Do not put click handlers on action menu items. Set the "data" property to identify the item and then listen to the sdfChange event on the parent menu instead. @ https://static.workforcenow.adp.com/mas/mdf-components/26.29.14/mdfComponents.js:322
